// Jest Snapshot v1, https://goo.gl/fbAQLP

exports[`Channel component matches to snapshot 1`] = `
Object {
  "asFragment": [Function],
  "baseElement": <body>
    <div>
      <button
        class="sc-dkzDqf kXYEVr"
      >
        <div
          class="sc-hKMtZM kJYxUW"
        >
          <img
            class="sc-eCYdqJ cCTTFQ"
            src="http://thumbnail.com"
          />
        </div>
        <div
          class="sc-jSMfEi dXLryb"
        >
          <div
            class="sc-gKXOVf fBnrgv"
          >
            <p
              class="sc-bczRLJ cTDXTp"
            >
              title
            </p>
          </div>
        </div>
      </button>
    </div>
  </body>,
  "container": <div>
    <button
      class="sc-dkzDqf kXYEVr"
    >
      <div
        class="sc-hKMtZM kJYxUW"
      >
        <img
          class="sc-eCYdqJ cCTTFQ"
          src="http://thumbnail.com"
        />
      </div>
      <div
        class="sc-jSMfEi dXLryb"
      >
        <div
          class="sc-gKXOVf fBnrgv"
        >
          <p
            class="sc-bczRLJ cTDXTp"
          >
            title
          </p>
        </div>
      </div>
    </button>
  </div>,
  "debug": [Function],
  "findAllByAltText": [Function],
  "findAllByDisplayValue": [Function],
  "findAllByLabelText": [Function],
  "findAllByPlaceholderText": [Function],
  "findAllByRole": [Function],
  "findAllByTestId": [Function],
  "findAllByText": [Function],
  "findAllByTitle": [Function],
  "findByAltText": [Function],
  "findByDisplayValue": [Function],
  "findByLabelText": [Function],
  "findByPlaceholderText": [Function],
  "findByRole": [Function],
  "findByTestId": [Function],
  "findByText": [Function],
  "findByTitle": [Function],
  "getAllByAltText": [Function],
  "getAllByDisplayValue": [Function],
  "getAllByLabelText": [Function],
  "getAllByPlaceholderText": [Function],
  "getAllByRole": [Function],
  "getAllByTestId": [Function],
  "getAllByText": [Function],
  "getAllByTitle": [Function],
  "getByAltText": [Function],
  "getByDisplayValue": [Function],
  "getByLabelText": [Function],
  "getByPlaceholderText": [Function],
  "getByRole": [Function],
  "getByTestId": [Function],
  "getByText": [Function],
  "getByTitle": [Function],
  "queryAllByAltText": [Function],
  "queryAllByDisplayValue": [Function],
  "queryAllByLabelText": [Function],
  "queryAllByPlaceholderText": [Function],
  "queryAllByRole": [Function],
  "queryAllByTestId": [Function],
  "queryAllByText": [Function],
  "queryAllByTitle": [Function],
  "queryByAltText": [Function],
  "queryByDisplayValue": [Function],
  "queryByLabelText": [Function],
  "queryByPlaceholderText": [Function],
  "queryByRole": [Function],
  "queryByTestId": [Function],
  "queryByText": [Function],
  "queryByTitle": [Function],
  "rerender": [Function],
  "unmount": [Function],
}
`;
