// Jest Snapshot v1, https://goo.gl/fbAQLP

exports[`Back component matches to snapshot 1`] = `
Object {
  "asFragment": [Function],
  "baseElement": <body>
    <div>
      <div
        class="sc-hKMtZM fGVoVJ"
      >
        <div
          class="sc-jSMfEi gOnElc"
        >
          <button
            class="sc-dkzDqf fcjXBB"
          >
            <svg
              class="sc-bczRLJ bygNPW"
            >
              <use
                href="http://localhost/icons.svg#back"
              />
            </svg>
          </button>
        </div>
      </div>
      <div
        class="sc-eCYdqJ jCVaEc"
      >
        <div
          class="sc-jSMfEi gOnElc"
        >
          <button
            class="sc-dkzDqf fcjXBB"
          >
            <svg
              class="sc-bczRLJ bygNPW"
            >
              <use
                href="http://localhost/icons.svg#back"
              />
            </svg>
          </button>
        </div>
      </div>
    </div>
  </body>,
  "container": <div>
    <div
      class="sc-hKMtZM fGVoVJ"
    >
      <div
        class="sc-jSMfEi gOnElc"
      >
        <button
          class="sc-dkzDqf fcjXBB"
        >
          <svg
            class="sc-bczRLJ bygNPW"
          >
            <use
              href="http://localhost/icons.svg#back"
            />
          </svg>
        </button>
      </div>
    </div>
    <div
      class="sc-eCYdqJ jCVaEc"
    >
      <div
        class="sc-jSMfEi gOnElc"
      >
        <button
          class="sc-dkzDqf fcjXBB"
        >
          <svg
            class="sc-bczRLJ bygNPW"
          >
            <use
              href="http://localhost/icons.svg#back"
            />
          </svg>
        </button>
      </div>
    </div>
  </div>,
  "debug": [Function],
  "findAllByAltText": [Function],
  "findAllByDisplayValue": [Function],
  "findAllByLabelText": [Function],
  "findAllByPlaceholderText": [Function],
  "findAllByRole": [Function],
  "findAllByTestId": [Function],
  "findAllByText": [Function],
  "findAllByTitle": [Function],
  "findByAltText": [Function],
  "findByDisplayValue": [Function],
  "findByLabelText": [Function],
  "findByPlaceholderText": [Function],
  "findByRole": [Function],
  "findByTestId": [Function],
  "findByText": [Function],
  "findByTitle": [Function],
  "getAllByAltText": [Function],
  "getAllByDisplayValue": [Function],
  "getAllByLabelText": [Function],
  "getAllByPlaceholderText": [Function],
  "getAllByRole": [Function],
  "getAllByTestId": [Function],
  "getAllByText": [Function],
  "getAllByTitle": [Function],
  "getByAltText": [Function],
  "getByDisplayValue": [Function],
  "getByLabelText": [Function],
  "getByPlaceholderText": [Function],
  "getByRole": [Function],
  "getByTestId": [Function],
  "getByText": [Function],
  "getByTitle": [Function],
  "queryAllByAltText": [Function],
  "queryAllByDisplayValue": [Function],
  "queryAllByLabelText": [Function],
  "queryAllByPlaceholderText": [Function],
  "queryAllByRole": [Function],
  "queryAllByTestId": [Function],
  "queryAllByText": [Function],
  "queryAllByTitle": [Function],
  "queryByAltText": [Function],
  "queryByDisplayValue": [Function],
  "queryByLabelText": [Function],
  "queryByPlaceholderText": [Function],
  "queryByRole": [Function],
  "queryByTestId": [Function],
  "queryByText": [Function],
  "queryByTitle": [Function],
  "rerender": [Function],
  "unmount": [Function],
}
`;
