// Jest Snapshot v1, https://goo.gl/fbAQLP

exports[`playlist component matches to snapshot 1`] = `
Object {
  "asFragment": [Function],
  "baseElement": <body>
    <div>
      <div
        class="sc-hKMtZM fGVoVJ"
      >
        <div
          class="sc-eCYdqJ bXHyLC"
        >
          <button
            class="sc-dkzDqf fcjXBB"
          >
            <svg
              class="sc-bczRLJ bygNPW"
            >
              <use
                href="http://localhost/icons.svg#back"
              />
            </svg>
          </button>
        </div>
      </div>
      <div
        class="sc-jSMfEi kCIUBe"
        height="0"
      />
      <div
        class="sc-kLLXSd fiOFXn"
      >
        <div
          class="sc-ikZpkk hiKkdt"
        >
          <div
            class="sc-jIZahH hZCRax"
          >
            <p
              class="sc-gsnTZi kRxXHn"
            >
              title
            </p>
            <div
              class="sc-himrzO jxmZmk"
            >
              <p
                class="sc-gsnTZi kRxXHn"
              >
                channel title
              </p>
              <button
                class="sc-dkzDqf fcjXBB"
              >
                <svg
                  class="sc-bczRLJ bygNPW"
                >
                  <use
                    href="http://localhost/icons.svg#playlist"
                  />
                </svg>
              </button>
            </div>
            <div
              class="sc-iBkjds heHVZX"
            >
              <button
                class="sc-gKXOVf feeGsc"
              >
                <p
                  class="sc-gsnTZi kRxXHn"
                >
                  Description
                </p>
              </button>
              <div
                class="sc-ftvSup czTgrf"
              >
                <div
                  class="sc-gXmSlM bXgilG"
                >
                  <p
                    class="sc-gsnTZi kRxXHn"
                  >
                    description
                  </p>
                </div>
              </div>
            </div>
          </div>
        </div>
        <div
          class="sc-cCsOjp cSbRnv"
        >
          <div
            class="sc-ezWOiH dMFoVA"
          >
            <button
              class="sc-crXcEl bPhrOo"
            >
              <div
                class="sc-evZas lfEdtc"
              >
                <img
                  class="sc-breuTD bQTZzO"
                  src="some url"
                />
                <span
                  class="sc-hAZoDl hHJAWW"
                >
                  <p
                    class="sc-gsnTZi czQjmE"
                  >
                    21:03
                  </p>
                </span>
              </div>
              <div
                class="sc-fnykZs VVBIe"
              >
                <div
                  class="sc-fEOsli bAvXIu"
                >
                  <p
                    class="sc-gsnTZi kRxXHn"
                  >
                    title
                  </p>
                </div>
                <div
                  class="sc-bjUoiL jUnQDA"
                >
                  <p
                    class="sc-gsnTZi czQjmE"
                  >
                    channel title
                  </p>
                </div>
                <p
                  class="sc-gsnTZi czQjmE"
                >
                  published at
                </p>
              </div>
            </button>
          </div>
        </div>
      </div>
    </div>
  </body>,
  "container": <div>
    <div
      class="sc-hKMtZM fGVoVJ"
    >
      <div
        class="sc-eCYdqJ bXHyLC"
      >
        <button
          class="sc-dkzDqf fcjXBB"
        >
          <svg
            class="sc-bczRLJ bygNPW"
          >
            <use
              href="http://localhost/icons.svg#back"
            />
          </svg>
        </button>
      </div>
    </div>
    <div
      class="sc-jSMfEi kCIUBe"
      height="0"
    />
    <div
      class="sc-kLLXSd fiOFXn"
    >
      <div
        class="sc-ikZpkk hiKkdt"
      >
        <div
          class="sc-jIZahH hZCRax"
        >
          <p
            class="sc-gsnTZi kRxXHn"
          >
            title
          </p>
          <div
            class="sc-himrzO jxmZmk"
          >
            <p
              class="sc-gsnTZi kRxXHn"
            >
              channel title
            </p>
            <button
              class="sc-dkzDqf fcjXBB"
            >
              <svg
                class="sc-bczRLJ bygNPW"
              >
                <use
                  href="http://localhost/icons.svg#playlist"
                />
              </svg>
            </button>
          </div>
          <div
            class="sc-iBkjds heHVZX"
          >
            <button
              class="sc-gKXOVf feeGsc"
            >
              <p
                class="sc-gsnTZi kRxXHn"
              >
                Description
              </p>
            </button>
            <div
              class="sc-ftvSup czTgrf"
            >
              <div
                class="sc-gXmSlM bXgilG"
              >
                <p
                  class="sc-gsnTZi kRxXHn"
                >
                  description
                </p>
              </div>
            </div>
          </div>
        </div>
      </div>
      <div
        class="sc-cCsOjp cSbRnv"
      >
        <div
          class="sc-ezWOiH dMFoVA"
        >
          <button
            class="sc-crXcEl bPhrOo"
          >
            <div
              class="sc-evZas lfEdtc"
            >
              <img
                class="sc-breuTD bQTZzO"
                src="some url"
              />
              <span
                class="sc-hAZoDl hHJAWW"
              >
                <p
                  class="sc-gsnTZi czQjmE"
                >
                  21:03
                </p>
              </span>
            </div>
            <div
              class="sc-fnykZs VVBIe"
            >
              <div
                class="sc-fEOsli bAvXIu"
              >
                <p
                  class="sc-gsnTZi kRxXHn"
                >
                  title
                </p>
              </div>
              <div
                class="sc-bjUoiL jUnQDA"
              >
                <p
                  class="sc-gsnTZi czQjmE"
                >
                  channel title
                </p>
              </div>
              <p
                class="sc-gsnTZi czQjmE"
              >
                published at
              </p>
            </div>
          </button>
        </div>
      </div>
    </div>
  </div>,
  "debug": [Function],
  "findAllByAltText": [Function],
  "findAllByDisplayValue": [Function],
  "findAllByLabelText": [Function],
  "findAllByPlaceholderText": [Function],
  "findAllByRole": [Function],
  "findAllByTestId": [Function],
  "findAllByText": [Function],
  "findAllByTitle": [Function],
  "findByAltText": [Function],
  "findByDisplayValue": [Function],
  "findByLabelText": [Function],
  "findByPlaceholderText": [Function],
  "findByRole": [Function],
  "findByTestId": [Function],
  "findByText": [Function],
  "findByTitle": [Function],
  "getAllByAltText": [Function],
  "getAllByDisplayValue": [Function],
  "getAllByLabelText": [Function],
  "getAllByPlaceholderText": [Function],
  "getAllByRole": [Function],
  "getAllByTestId": [Function],
  "getAllByText": [Function],
  "getAllByTitle": [Function],
  "getByAltText": [Function],
  "getByDisplayValue": [Function],
  "getByLabelText": [Function],
  "getByPlaceholderText": [Function],
  "getByRole": [Function],
  "getByTestId": [Function],
  "getByText": [Function],
  "getByTitle": [Function],
  "queryAllByAltText": [Function],
  "queryAllByDisplayValue": [Function],
  "queryAllByLabelText": [Function],
  "queryAllByPlaceholderText": [Function],
  "queryAllByRole": [Function],
  "queryAllByTestId": [Function],
  "queryAllByText": [Function],
  "queryAllByTitle": [Function],
  "queryByAltText": [Function],
  "queryByDisplayValue": [Function],
  "queryByLabelText": [Function],
  "queryByPlaceholderText": [Function],
  "queryByRole": [Function],
  "queryByTestId": [Function],
  "queryByText": [Function],
  "queryByTitle": [Function],
  "rerender": [Function],
  "unmount": [Function],
}
`;
