// Jest Snapshot v1, https://goo.gl/fbAQLP

exports[`queue component matches to snapshot 1`] = `
Object {
  "asFragment": [Function],
  "baseElement": <body>
    <div>
      <div
        class="sc-bczRLJ bncUol"
      >
        <div>
          <div
            class="sc-iBkjds kSjNqV"
          >
            <div
              class="sc-ftvSup cqLxXm"
            >
              <p
                class="sc-eCYdqJ kFwbbF"
              >
                Length: 00
              </p>
              <button
                class="sc-gKXOVf kLVYD"
              >
                <p
                  class="sc-eCYdqJ hQevhW"
                >
                  小lear
                </p>
              </button>
            </div>
          </div>
          <div
            class="sc-papXJ bFuEJH"
            height="0"
          />
          <div
            class="sc-dmRaPn eshffP"
          >
            <div
              class="sc-bjUoiL grToeU"
            >
              <div
                data-rbd-droppable-context-id="0"
                data-rbd-droppable-id="droppable"
              >
                <div
                  class="sc-idiyUo lfCGru"
                >
                  <p
                    class="sc-eCYdqJ hQevhW"
                  >
                    Queue is empty
                  </p>
                </div>
              </div>
            </div>
          </div>
        </div>
      </div>
    </div>
  </body>,
  "container": <div>
    <div
      class="sc-bczRLJ bncUol"
    >
      <div>
        <div
          class="sc-iBkjds kSjNqV"
        >
          <div
            class="sc-ftvSup cqLxXm"
          >
            <p
              class="sc-eCYdqJ kFwbbF"
            >
              Length: 00
            </p>
            <button
              class="sc-gKXOVf kLVYD"
            >
              <p
                class="sc-eCYdqJ hQevhW"
              >
                小lear
              </p>
            </button>
          </div>
        </div>
        <div
          class="sc-papXJ bFuEJH"
          height="0"
        />
        <div
          class="sc-dmRaPn eshffP"
        >
          <div
            class="sc-bjUoiL grToeU"
          >
            <div
              data-rbd-droppable-context-id="0"
              data-rbd-droppable-id="droppable"
            >
              <div
                class="sc-idiyUo lfCGru"
              >
                <p
                  class="sc-eCYdqJ hQevhW"
                >
                  Queue is empty
                </p>
              </div>
            </div>
          </div>
        </div>
      </div>
    </div>
  </div>,
  "debug": [Function],
  "findAllByAltText": [Function],
  "findAllByDisplayValue": [Function],
  "findAllByLabelText": [Function],
  "findAllByPlaceholderText": [Function],
  "findAllByRole": [Function],
  "findAllByTestId": [Function],
  "findAllByText": [Function],
  "findAllByTitle": [Function],
  "findByAltText": [Function],
  "findByDisplayValue": [Function],
  "findByLabelText": [Function],
  "findByPlaceholderText": [Function],
  "findByRole": [Function],
  "findByTestId": [Function],
  "findByText": [Function],
  "findByTitle": [Function],
  "getAllByAltText": [Function],
  "getAllByDisplayValue": [Function],
  "getAllByLabelText": [Function],
  "getAllByPlaceholderText": [Function],
  "getAllByRole": [Function],
  "getAllByTestId": [Function],
  "getAllByText": [Function],
  "getAllByTitle": [Function],
  "getByAltText": [Function],
  "getByDisplayValue": [Function],
  "getByLabelText": [Function],
  "getByPlaceholderText": [Function],
  "getByRole": [Function],
  "getByTestId": [Function],
  "getByText": [Function],
  "getByTitle": [Function],
  "queryAllByAltText": [Function],
  "queryAllByDisplayValue": [Function],
  "queryAllByLabelText": [Function],
  "queryAllByPlaceholderText": [Function],
  "queryAllByRole": [Function],
  "queryAllByTestId": [Function],
  "queryAllByText": [Function],
  "queryAllByTitle": [Function],
  "queryByAltText": [Function],
  "queryByDisplayValue": [Function],
  "queryByLabelText": [Function],
  "queryByPlaceholderText": [Function],
  "queryByRole": [Function],
  "queryByTestId": [Function],
  "queryByText": [Function],
  "queryByTitle": [Function],
  "rerender": [Function],
  "unmount": [Function],
}
`;

exports[`search component matches to snapshot 1`] = `
Object {
  "asFragment": [Function],
  "baseElement": <body>
    <div>
      <div
        class="sc-bczRLJ bncUol"
      >
        <div>
          <div
            class="sc-iBkjds kSjNqV"
          >
            <div
              class="sc-ftvSup cqLxXm"
            >
              <p
                class="sc-eCYdqJ kFwbbF"
              >
                Length: 00
              </p>
              <button
                class="sc-gKXOVf kLVYD"
              >
                <p
                  class="sc-eCYdqJ hQevhW"
                >
                  小lear
                </p>
              </button>
            </div>
          </div>
          <div
            class="sc-papXJ bFuEJH"
            height="0"
          />
          <div
            class="sc-dmRaPn eshffP"
          >
            <div
              class="sc-bjUoiL grToeU"
            >
              <div
                data-rbd-droppable-context-id="0"
                data-rbd-droppable-id="droppable"
              >
                <div
                  class="sc-idiyUo lfCGru"
                >
                  <p
                    class="sc-eCYdqJ hQevhW"
                  >
                    Queue is empty
                  </p>
                </div>
              </div>
            </div>
          </div>
        </div>
      </div>
    </div>
  </body>,
  "container": <div>
    <div
      class="sc-bczRLJ bncUol"
    >
      <div>
        <div
          class="sc-iBkjds kSjNqV"
        >
          <div
            class="sc-ftvSup cqLxXm"
          >
            <p
              class="sc-eCYdqJ kFwbbF"
            >
              Length: 00
            </p>
            <button
              class="sc-gKXOVf kLVYD"
            >
              <p
                class="sc-eCYdqJ hQevhW"
              >
                小lear
              </p>
            </button>
          </div>
        </div>
        <div
          class="sc-papXJ bFuEJH"
          height="0"
        />
        <div
          class="sc-dmRaPn eshffP"
        >
          <div
            class="sc-bjUoiL grToeU"
          >
            <div
              data-rbd-droppable-context-id="0"
              data-rbd-droppable-id="droppable"
            >
              <div
                class="sc-idiyUo lfCGru"
              >
                <p
                  class="sc-eCYdqJ hQevhW"
                >
                  Queue is empty
                </p>
              </div>
            </div>
          </div>
        </div>
      </div>
    </div>
  </div>,
  "debug": [Function],
  "findAllByAltText": [Function],
  "findAllByDisplayValue": [Function],
  "findAllByLabelText": [Function],
  "findAllByPlaceholderText": [Function],
  "findAllByRole": [Function],
  "findAllByTestId": [Function],
  "findAllByText": [Function],
  "findAllByTitle": [Function],
  "findByAltText": [Function],
  "findByDisplayValue": [Function],
  "findByLabelText": [Function],
  "findByPlaceholderText": [Function],
  "findByRole": [Function],
  "findByTestId": [Function],
  "findByText": [Function],
  "findByTitle": [Function],
  "getAllByAltText": [Function],
  "getAllByDisplayValue": [Function],
  "getAllByLabelText": [Function],
  "getAllByPlaceholderText": [Function],
  "getAllByRole": [Function],
  "getAllByTestId": [Function],
  "getAllByText": [Function],
  "getAllByTitle": [Function],
  "getByAltText": [Function],
  "getByDisplayValue": [Function],
  "getByLabelText": [Function],
  "getByPlaceholderText": [Function],
  "getByRole": [Function],
  "getByTestId": [Function],
  "getByText": [Function],
  "getByTitle": [Function],
  "queryAllByAltText": [Function],
  "queryAllByDisplayValue": [Function],
  "queryAllByLabelText": [Function],
  "queryAllByPlaceholderText": [Function],
  "queryAllByRole": [Function],
  "queryAllByTestId": [Function],
  "queryAllByText": [Function],
  "queryAllByTitle": [Function],
  "queryByAltText": [Function],
  "queryByDisplayValue": [Function],
  "queryByLabelText": [Function],
  "queryByPlaceholderText": [Function],
  "queryByRole": [Function],
  "queryByTestId": [Function],
  "queryByText": [Function],
  "queryByTitle": [Function],
  "rerender": [Function],
  "unmount": [Function],
}
`;
