// Jest Snapshot v1, https://goo.gl/fbAQLP

exports[`root Component matches to snapshot 1`] = `
Object {
  "asFragment": [Function],
  "baseElement": <body>
    <div>
      <div
        class="sc-kDDrLX fXYRsc"
      >
        <div
          class="sc-iqcoie dBQSAP"
        >
          <div
            class="sc-hKMtZM ivMWZH"
          >
            <button
              class="sc-dkzDqf ccQOVS"
            >
              <svg
                class="sc-bczRLJ dKGUeK"
              >
                <use
                  href="http://localhost/icons.svg#search"
                />
              </svg>
            </button>
            <button
              class="sc-dkzDqf fcjXBB"
            >
              <svg
                class="sc-bczRLJ bygNPW"
              >
                <use
                  href="http://localhost/icons.svg#favorite"
                />
              </svg>
            </button>
            <button
              class="sc-dkzDqf fcjXBB"
            >
              <svg
                class="sc-bczRLJ bygNPW"
              >
                <use
                  href="http://localhost/icons.svg#queue"
                />
              </svg>
            </button>
            <button
              class="sc-dkzDqf fcjXBB"
            >
              <svg
                class="sc-bczRLJ bygNPW"
              >
                <use
                  href="http://localhost/icons.svg#settings"
                />
              </svg>
            </button>
          </div>
        </div>
         
        <div
          class="sc-ftvSup kenCaW"
        >
          <svg
            class="sc-papXJ gKpXtS"
            viewBox="25 25 50 50"
          >
            <circle
              class="sc-jqUVSM koIgNO"
              cx="50"
              cy="50"
              fill="none"
              r="20"
              stroke-miterlimit="10"
              stroke-width="5"
            />
          </svg>
        </div>
         
      </div>
    </div>
  </body>,
  "container": <div>
    <div
      class="sc-kDDrLX fXYRsc"
    >
      <div
        class="sc-iqcoie dBQSAP"
      >
        <div
          class="sc-hKMtZM ivMWZH"
        >
          <button
            class="sc-dkzDqf ccQOVS"
          >
            <svg
              class="sc-bczRLJ dKGUeK"
            >
              <use
                href="http://localhost/icons.svg#search"
              />
            </svg>
          </button>
          <button
            class="sc-dkzDqf fcjXBB"
          >
            <svg
              class="sc-bczRLJ bygNPW"
            >
              <use
                href="http://localhost/icons.svg#favorite"
              />
            </svg>
          </button>
          <button
            class="sc-dkzDqf fcjXBB"
          >
            <svg
              class="sc-bczRLJ bygNPW"
            >
              <use
                href="http://localhost/icons.svg#queue"
              />
            </svg>
          </button>
          <button
            class="sc-dkzDqf fcjXBB"
          >
            <svg
              class="sc-bczRLJ bygNPW"
            >
              <use
                href="http://localhost/icons.svg#settings"
              />
            </svg>
          </button>
        </div>
      </div>
       
      <div
        class="sc-ftvSup kenCaW"
      >
        <svg
          class="sc-papXJ gKpXtS"
          viewBox="25 25 50 50"
        >
          <circle
            class="sc-jqUVSM koIgNO"
            cx="50"
            cy="50"
            fill="none"
            r="20"
            stroke-miterlimit="10"
            stroke-width="5"
          />
        </svg>
      </div>
       
    </div>
  </div>,
  "debug": [Function],
  "findAllByAltText": [Function],
  "findAllByDisplayValue": [Function],
  "findAllByLabelText": [Function],
  "findAllByPlaceholderText": [Function],
  "findAllByRole": [Function],
  "findAllByTestId": [Function],
  "findAllByText": [Function],
  "findAllByTitle": [Function],
  "findByAltText": [Function],
  "findByDisplayValue": [Function],
  "findByLabelText": [Function],
  "findByPlaceholderText": [Function],
  "findByRole": [Function],
  "findByTestId": [Function],
  "findByText": [Function],
  "findByTitle": [Function],
  "getAllByAltText": [Function],
  "getAllByDisplayValue": [Function],
  "getAllByLabelText": [Function],
  "getAllByPlaceholderText": [Function],
  "getAllByRole": [Function],
  "getAllByTestId": [Function],
  "getAllByText": [Function],
  "getAllByTitle": [Function],
  "getByAltText": [Function],
  "getByDisplayValue": [Function],
  "getByLabelText": [Function],
  "getByPlaceholderText": [Function],
  "getByRole": [Function],
  "getByTestId": [Function],
  "getByText": [Function],
  "getByTitle": [Function],
  "queryAllByAltText": [Function],
  "queryAllByDisplayValue": [Function],
  "queryAllByLabelText": [Function],
  "queryAllByPlaceholderText": [Function],
  "queryAllByRole": [Function],
  "queryAllByTestId": [Function],
  "queryAllByText": [Function],
  "queryAllByTitle": [Function],
  "queryByAltText": [Function],
  "queryByDisplayValue": [Function],
  "queryByLabelText": [Function],
  "queryByPlaceholderText": [Function],
  "queryByRole": [Function],
  "queryByTestId": [Function],
  "queryByText": [Function],
  "queryByTitle": [Function],
  "rerender": [Function],
  "unmount": [Function],
}
`;
