// Jest Snapshot v1, https://goo.gl/fbAQLP

exports[`SearchQueries Component matches to snapshot 1`] = `
Object {
  "asFragment": [Function],
  "baseElement": <body>
    <div>
      <div
        class="sc-papXJ kEIprk"
      >
        <div
          class="sc-jqUVSM hWOGQF"
        >
          <input
            class="sc-bczRLJ dldCsv"
            placeholder="input"
            value=""
          />
          <button
            class="sc-gKXOVf feeGsc"
          >
            <svg
              class="sc-gsnTZi dRHeag"
            >
              <use
                href="http://localhost/icons.svg#search"
              />
            </svg>
          </button>
        </div>
        <div
          class="sc-eCYdqJ FxPOW"
        >
          <button
            class="sc-hKMtZM fntRFW"
          >
            <svg
              class="sc-gsnTZi gSmFuM"
            >
              <use
                href="http://localhost/icons.svg#filters"
              />
            </svg>
            <p
              class="sc-dkzDqf krpKaR"
            >
              filters
            </p>
          </button>
          <div
            class="sc-jSMfEi jmXqhj"
          >
            <div
              class="sc-iBkjds envIss"
            >
              <button
                class="sc-gKXOVf feeGsc"
              >
                <p
                  class="sc-dkzDqf QiTYm"
                >
                  relevance
                </p>
              </button>
              <ul
                class="sc-ftvSup hiVoSg"
              >
                <li>
                  <button
                    class="sc-gKXOVf feeGsc"
                  >
                    <p
                      class="sc-dkzDqf QiTYm"
                    >
                      date
                    </p>
                  </button>
                </li>
                <li>
                  <button
                    class="sc-gKXOVf feeGsc"
                  >
                    <p
                      class="sc-dkzDqf QiTYm"
                    >
                      rating
                    </p>
                  </button>
                </li>
                <li>
                  <button
                    class="sc-gKXOVf feeGsc"
                  >
                    <p
                      class="sc-dkzDqf QiTYm"
                    >
                      title
                    </p>
                  </button>
                </li>
                <li>
                  <button
                    class="sc-gKXOVf feeGsc"
                  >
                    <p
                      class="sc-dkzDqf QiTYm"
                    >
                      videoCount
                    </p>
                  </button>
                </li>
                <li>
                  <button
                    class="sc-gKXOVf feeGsc"
                  >
                    <p
                      class="sc-dkzDqf QiTYm"
                    >
                      viewCount
                    </p>
                  </button>
                </li>
              </ul>
            </div>
            <div
              class="sc-iBkjds envIss"
            >
              <button
                class="sc-gKXOVf feeGsc"
              >
                <p
                  class="sc-dkzDqf QiTYm"
                >
                  all
                </p>
              </button>
              <ul
                class="sc-ftvSup hiVoSg"
              >
                <li>
                  <button
                    class="sc-gKXOVf feeGsc"
                  >
                    <p
                      class="sc-dkzDqf QiTYm"
                    >
                      video
                    </p>
                  </button>
                </li>
                <li>
                  <button
                    class="sc-gKXOVf feeGsc"
                  >
                    <p
                      class="sc-dkzDqf QiTYm"
                    >
                      playlist
                    </p>
                  </button>
                </li>
                <li>
                  <button
                    class="sc-gKXOVf feeGsc"
                  >
                    <p
                      class="sc-dkzDqf QiTYm"
                    >
                      channel
                    </p>
                  </button>
                </li>
              </ul>
            </div>
            <div
              class="sc-iBkjds envIss"
            >
              <button
                class="sc-gKXOVf feeGsc"
              >
                <p
                  class="sc-dkzDqf QiTYm"
                >
                  any
                </p>
              </button>
              <ul
                class="sc-ftvSup hiVoSg"
              >
                <li>
                  <button
                    class="sc-gKXOVf feeGsc"
                  >
                    <p
                      class="sc-dkzDqf QiTYm"
                    >
                      long
                    </p>
                  </button>
                </li>
                <li>
                  <button
                    class="sc-gKXOVf feeGsc"
                  >
                    <p
                      class="sc-dkzDqf QiTYm"
                    >
                      medium
                    </p>
                  </button>
                </li>
                <li>
                  <button
                    class="sc-gKXOVf feeGsc"
                  >
                    <p
                      class="sc-dkzDqf QiTYm"
                    >
                      short
                    </p>
                  </button>
                </li>
              </ul>
            </div>
          </div>
        </div>
      </div>
    </div>
  </body>,
  "container": <div>
    <div
      class="sc-papXJ kEIprk"
    >
      <div
        class="sc-jqUVSM hWOGQF"
      >
        <input
          class="sc-bczRLJ dldCsv"
          placeholder="input"
          value=""
        />
        <button
          class="sc-gKXOVf feeGsc"
        >
          <svg
            class="sc-gsnTZi dRHeag"
          >
            <use
              href="http://localhost/icons.svg#search"
            />
          </svg>
        </button>
      </div>
      <div
        class="sc-eCYdqJ FxPOW"
      >
        <button
          class="sc-hKMtZM fntRFW"
        >
          <svg
            class="sc-gsnTZi gSmFuM"
          >
            <use
              href="http://localhost/icons.svg#filters"
            />
          </svg>
          <p
            class="sc-dkzDqf krpKaR"
          >
            filters
          </p>
        </button>
        <div
          class="sc-jSMfEi jmXqhj"
        >
          <div
            class="sc-iBkjds envIss"
          >
            <button
              class="sc-gKXOVf feeGsc"
            >
              <p
                class="sc-dkzDqf QiTYm"
              >
                relevance
              </p>
            </button>
            <ul
              class="sc-ftvSup hiVoSg"
            >
              <li>
                <button
                  class="sc-gKXOVf feeGsc"
                >
                  <p
                    class="sc-dkzDqf QiTYm"
                  >
                    date
                  </p>
                </button>
              </li>
              <li>
                <button
                  class="sc-gKXOVf feeGsc"
                >
                  <p
                    class="sc-dkzDqf QiTYm"
                  >
                    rating
                  </p>
                </button>
              </li>
              <li>
                <button
                  class="sc-gKXOVf feeGsc"
                >
                  <p
                    class="sc-dkzDqf QiTYm"
                  >
                    title
                  </p>
                </button>
              </li>
              <li>
                <button
                  class="sc-gKXOVf feeGsc"
                >
                  <p
                    class="sc-dkzDqf QiTYm"
                  >
                    videoCount
                  </p>
                </button>
              </li>
              <li>
                <button
                  class="sc-gKXOVf feeGsc"
                >
                  <p
                    class="sc-dkzDqf QiTYm"
                  >
                    viewCount
                  </p>
                </button>
              </li>
            </ul>
          </div>
          <div
            class="sc-iBkjds envIss"
          >
            <button
              class="sc-gKXOVf feeGsc"
            >
              <p
                class="sc-dkzDqf QiTYm"
              >
                all
              </p>
            </button>
            <ul
              class="sc-ftvSup hiVoSg"
            >
              <li>
                <button
                  class="sc-gKXOVf feeGsc"
                >
                  <p
                    class="sc-dkzDqf QiTYm"
                  >
                    video
                  </p>
                </button>
              </li>
              <li>
                <button
                  class="sc-gKXOVf feeGsc"
                >
                  <p
                    class="sc-dkzDqf QiTYm"
                  >
                    playlist
                  </p>
                </button>
              </li>
              <li>
                <button
                  class="sc-gKXOVf feeGsc"
                >
                  <p
                    class="sc-dkzDqf QiTYm"
                  >
                    channel
                  </p>
                </button>
              </li>
            </ul>
          </div>
          <div
            class="sc-iBkjds envIss"
          >
            <button
              class="sc-gKXOVf feeGsc"
            >
              <p
                class="sc-dkzDqf QiTYm"
              >
                any
              </p>
            </button>
            <ul
              class="sc-ftvSup hiVoSg"
            >
              <li>
                <button
                  class="sc-gKXOVf feeGsc"
                >
                  <p
                    class="sc-dkzDqf QiTYm"
                  >
                    long
                  </p>
                </button>
              </li>
              <li>
                <button
                  class="sc-gKXOVf feeGsc"
                >
                  <p
                    class="sc-dkzDqf QiTYm"
                  >
                    medium
                  </p>
                </button>
              </li>
              <li>
                <button
                  class="sc-gKXOVf feeGsc"
                >
                  <p
                    class="sc-dkzDqf QiTYm"
                  >
                    short
                  </p>
                </button>
              </li>
            </ul>
          </div>
        </div>
      </div>
    </div>
  </div>,
  "debug": [Function],
  "findAllByAltText": [Function],
  "findAllByDisplayValue": [Function],
  "findAllByLabelText": [Function],
  "findAllByPlaceholderText": [Function],
  "findAllByRole": [Function],
  "findAllByTestId": [Function],
  "findAllByText": [Function],
  "findAllByTitle": [Function],
  "findByAltText": [Function],
  "findByDisplayValue": [Function],
  "findByLabelText": [Function],
  "findByPlaceholderText": [Function],
  "findByRole": [Function],
  "findByTestId": [Function],
  "findByText": [Function],
  "findByTitle": [Function],
  "getAllByAltText": [Function],
  "getAllByDisplayValue": [Function],
  "getAllByLabelText": [Function],
  "getAllByPlaceholderText": [Function],
  "getAllByRole": [Function],
  "getAllByTestId": [Function],
  "getAllByText": [Function],
  "getAllByTitle": [Function],
  "getByAltText": [Function],
  "getByDisplayValue": [Function],
  "getByLabelText": [Function],
  "getByPlaceholderText": [Function],
  "getByRole": [Function],
  "getByTestId": [Function],
  "getByText": [Function],
  "getByTitle": [Function],
  "queryAllByAltText": [Function],
  "queryAllByDisplayValue": [Function],
  "queryAllByLabelText": [Function],
  "queryAllByPlaceholderText": [Function],
  "queryAllByRole": [Function],
  "queryAllByTestId": [Function],
  "queryAllByText": [Function],
  "queryAllByTitle": [Function],
  "queryByAltText": [Function],
  "queryByDisplayValue": [Function],
  "queryByLabelText": [Function],
  "queryByPlaceholderText": [Function],
  "queryByRole": [Function],
  "queryByTestId": [Function],
  "queryByText": [Function],
  "queryByTitle": [Function],
  "rerender": [Function],
  "unmount": [Function],
}
`;
