// Jest Snapshot v1, https://goo.gl/fbAQLP

exports[`video component matches to snapshot 1`] = `
Object {
  "asFragment": [Function],
  "baseElement": <body>
    <div>
      <div
        class="sc-hKMtZM fGVoVJ"
      >
        <div
          class="sc-eCYdqJ bXHyLC"
        >
          <button
            class="sc-dkzDqf fcjXBB"
          >
            <svg
              class="sc-bczRLJ bygNPW"
            >
              <use
                href="http://localhost/icons.svg#back"
              />
            </svg>
          </button>
        </div>
      </div>
      <div
        class="sc-jSMfEi kCIUBe"
        height="0"
      />
      <div
        class="sc-papXJ cWKQiM"
      >
        <div
          class="sc-jqUVSM gYpLLn"
        >
          <div
            class="sc-kDDrLX eaENXD"
          >
            <div
              class="sc-iqcoie ipivdd"
            >
              <div
                class="sc-crXcEl hbHpbT"
              >
                <img
                  class="sc-evZas csYxrp"
                  src="some url"
                />
                <div
                  class="sc-ksZaOG gbplMI"
                >
                  <button
                    class="sc-ftvSup ilhzCZ"
                  >
                    <svg
                      class="sc-iBkjds esIUBk"
                    >
                      <use
                        href="http://localhost/icons.svg#play"
                      />
                    </svg>
                  </button>
                </div>
                <span
                  class="sc-hAZoDl hHJAWW"
                >
                  <p
                    class="sc-gsnTZi czQjmE"
                  >
                    21:03
                  </p>
                </span>
              </div>
            </div>
            <div
              class="sc-fnykZs cqshsm"
            >
              <p
                class="sc-gsnTZi kRxXHn"
              >
                title
              </p>
              <p
                class="sc-gsnTZi kRxXHn"
              >
                channel title
              </p>
              <div
                class="sc-fEOsli hYnshV"
              >
                <p
                  class="sc-gsnTZi czQjmE"
                >
                  published at
                </p>
                <button
                  class="sc-dkzDqf fcjXBB"
                >
                  <svg
                    class="sc-bczRLJ bygNPW"
                  >
                    <use
                      href="http://localhost/icons.svg#playlist"
                    />
                  </svg>
                </button>
              </div>
            </div>
          </div>
        </div>
        <div
          class="sc-bjUoiL jKkTTe"
        >
          <p
            class="sc-gsnTZi kRxXHn"
          >
            description
          </p>
        </div>
      </div>
    </div>
  </body>,
  "container": <div>
    <div
      class="sc-hKMtZM fGVoVJ"
    >
      <div
        class="sc-eCYdqJ bXHyLC"
      >
        <button
          class="sc-dkzDqf fcjXBB"
        >
          <svg
            class="sc-bczRLJ bygNPW"
          >
            <use
              href="http://localhost/icons.svg#back"
            />
          </svg>
        </button>
      </div>
    </div>
    <div
      class="sc-jSMfEi kCIUBe"
      height="0"
    />
    <div
      class="sc-papXJ cWKQiM"
    >
      <div
        class="sc-jqUVSM gYpLLn"
      >
        <div
          class="sc-kDDrLX eaENXD"
        >
          <div
            class="sc-iqcoie ipivdd"
          >
            <div
              class="sc-crXcEl hbHpbT"
            >
              <img
                class="sc-evZas csYxrp"
                src="some url"
              />
              <div
                class="sc-ksZaOG gbplMI"
              >
                <button
                  class="sc-ftvSup ilhzCZ"
                >
                  <svg
                    class="sc-iBkjds esIUBk"
                  >
                    <use
                      href="http://localhost/icons.svg#play"
                    />
                  </svg>
                </button>
              </div>
              <span
                class="sc-hAZoDl hHJAWW"
              >
                <p
                  class="sc-gsnTZi czQjmE"
                >
                  21:03
                </p>
              </span>
            </div>
          </div>
          <div
            class="sc-fnykZs cqshsm"
          >
            <p
              class="sc-gsnTZi kRxXHn"
            >
              title
            </p>
            <p
              class="sc-gsnTZi kRxXHn"
            >
              channel title
            </p>
            <div
              class="sc-fEOsli hYnshV"
            >
              <p
                class="sc-gsnTZi czQjmE"
              >
                published at
              </p>
              <button
                class="sc-dkzDqf fcjXBB"
              >
                <svg
                  class="sc-bczRLJ bygNPW"
                >
                  <use
                    href="http://localhost/icons.svg#playlist"
                  />
                </svg>
              </button>
            </div>
          </div>
        </div>
      </div>
      <div
        class="sc-bjUoiL jKkTTe"
      >
        <p
          class="sc-gsnTZi kRxXHn"
        >
          description
        </p>
      </div>
    </div>
  </div>,
  "debug": [Function],
  "findAllByAltText": [Function],
  "findAllByDisplayValue": [Function],
  "findAllByLabelText": [Function],
  "findAllByPlaceholderText": [Function],
  "findAllByRole": [Function],
  "findAllByTestId": [Function],
  "findAllByText": [Function],
  "findAllByTitle": [Function],
  "findByAltText": [Function],
  "findByDisplayValue": [Function],
  "findByLabelText": [Function],
  "findByPlaceholderText": [Function],
  "findByRole": [Function],
  "findByTestId": [Function],
  "findByText": [Function],
  "findByTitle": [Function],
  "getAllByAltText": [Function],
  "getAllByDisplayValue": [Function],
  "getAllByLabelText": [Function],
  "getAllByPlaceholderText": [Function],
  "getAllByRole": [Function],
  "getAllByTestId": [Function],
  "getAllByText": [Function],
  "getAllByTitle": [Function],
  "getByAltText": [Function],
  "getByDisplayValue": [Function],
  "getByLabelText": [Function],
  "getByPlaceholderText": [Function],
  "getByRole": [Function],
  "getByTestId": [Function],
  "getByText": [Function],
  "getByTitle": [Function],
  "queryAllByAltText": [Function],
  "queryAllByDisplayValue": [Function],
  "queryAllByLabelText": [Function],
  "queryAllByPlaceholderText": [Function],
  "queryAllByRole": [Function],
  "queryAllByTestId": [Function],
  "queryAllByText": [Function],
  "queryAllByTitle": [Function],
  "queryByAltText": [Function],
  "queryByDisplayValue": [Function],
  "queryByLabelText": [Function],
  "queryByPlaceholderText": [Function],
  "queryByRole": [Function],
  "queryByTestId": [Function],
  "queryByText": [Function],
  "queryByTitle": [Function],
  "rerender": [Function],
  "unmount": [Function],
}
`;
